// Jest Snapshot v1, https://goo.gl/fbAQLP

exports[`LearnSampleData renders and matches snapshot 1`] = `
<styled.div
  className="learn-container-wrapper mdCard"
>
  <div
    className="cancel-pop-button-wrapper"
  >
    <CancelPopButton />
  </div>
  <Learn />
</styled.div>
`;
