// Jest Snapshot v1, https://goo.gl/fbAQLP

exports[`FormElementFactory renders and matches snapshot 1`] = `
<styled.div>
  
</styled.div>
`;
