// Jest Snapshot v1, https://goo.gl/fbAQLP

exports[`LearnSampleData renders and matches snapshot 1`] = `
<styled.div
  className="learn-container-wrapper mdCard"
>
  <Button />
  <Learn />
</styled.div>
`;
