// Jest Snapshot v1, https://goo.gl/fbAQLP

exports[`InputField renders and matches snapshot 1`] = `
<styled.div>
  <div />
  <input />
</styled.div>
`;
