// Jest Snapshot v1, https://goo.gl/fbAQLP

exports[`Navigation renders and matches snapshot 1`] = `
<styled.div>
  <div
    className="navigation-wrapper"
  >
    
  </div>
</styled.div>
`;
