// Jest Snapshot v1, https://goo.gl/fbAQLP

exports[`About renders and matches snapshot 1`] = `
<div
  className="mdCard"
>
  <p>
    Version: BETA
  </p>
  <p>
    <a
      href="https://github.com/cflinchbaugh/Learnolotl"
      rel="noopener noreferrer"
      target="_blank"
    >
      GitHub Repo
    </a>
  </p>
  <p>
    A passion project built primarily to assist with my own study of the Japanese language, but designed to be flexible and practical for several learning use-cases.
    <br />
    <br />
    GitHub description: "A flexible, JSON-eating study-aid application, great for language learning and other memorization-based studying."
    <br />
    <br />
    Built with ReactJS. Conceived, designed, architected, and implemented by 
    <a
      href="https://www.linkedin.com/in/christopher-flinchbaugh/"
      rel="noopener noreferrer"
      target="_blank"
    >
      me
    </a>
    .
    <br />
    <br />
  </p>
</div>
`;
