// Jest Snapshot v1, https://goo.gl/fbAQLP

exports[`Button renders and matches snapshot 1`] = `
<styled.div>
  <button
    className="button"
    onClick={undefined}
    onMouseOver={undefined}
  />
</styled.div>
`;
