// Jest Snapshot v1, https://goo.gl/fbAQLP

exports[`Deck renders and matches snapshot 1`] = `
<styled.div>
  <div
    className="deck-wrapper"
  >
    No Cards Loaded!
  </div>
</styled.div>
`;
